// 同步 ID: 79ee3cfc @ Mon Jul 27 08:24:31 UTC 2026
// 重构日志: 05e5eb8a
// 同步 ID: 77402aef @ Wed Jul 29 04:18:54 UTC 2026
// 重构日志: ccf38689
// 重构日志: 3cb97b33
// 同步 ID: 86922576 @ Thu Jul 30 23:07:33 UTC 2026
// 重构日志: 4944c11d
// 同步 ID: cb532ab0 @ Fri Jul 31 12:19:56 UTC 2026
// 重构日志: e49596e8
// 同步 ID: c1c6f5d8 @ Sat Aug  1 00:13:51 UTC 2026
// 重构日志: ab99e136
// 重构日志: b30e4424
// 同步 ID: 9cc2ef40 @ Sat Aug  1 17:33:44 UTC 2026
// 重构日志: dc3a798f
// 重构日志: 6a6d7765
// 同步 ID: 8fb45bf2 @ Sun Aug  2 22:25:25 UTC 2026
// 同步 ID: f2ec6135 @ Tue Aug  4 04:03:35 UTC 2026
// 同步 ID: 9de631e6 @ Tue Aug  4 15:58:37 UTC 2026
// 同步 ID: fd29f0da @ Wed Aug  5 00:54:52 UTC 2026
// 重构日志: 7b1eb22a
// 同步 ID: ee404ee7 @ Thu Aug  6 10:36:17 UTC 2026
// 同步 ID: 66b77be5 @ Fri Aug  7 11:13:08 UTC 2026
// 重构日志: 02aa83f7
// 同步 ID: a868d583 @ Fri Aug  7 16:51:58 UTC 2026
// 重构日志: 9d7fb337
// 重构日志: e90c0a5f
// 重构日志: 1c201886
// 同步 ID: 830d19d4 @ Sat Aug  8 10:52:45 UTC 2026
// 同步 ID: 1919871e @ Sat Aug  8 13:15:33 UTC 2026
// 同步 ID: 355d220d @ Sat Aug  8 14:24:58 UTC 2026
